---
source: crates/parser/tests/snapshots_key_value.rs
---
# key_value/quoted_value_trailing

## Input

```
a "trailing" extra
b 'trailing' extra

```

## CST

```
SOURCE_FILE@0..38
  ENTRY@0..18
    WORD_KEY@0..1
      WORD@0..1 "a"
    SPACE@1..2 " "
    QUOTED_STRING@2..12
      DOUBLE_QUOTE@2..3 "\""
      STRING@3..11 "trailing"
      DOUBLE_QUOTE@11..12 "\""
    SPACE@12..13 " "
    ERROR@13..18
      WORD@13..18 "extra"
  NEWLINE@18..19 "\n"
  ENTRY@19..37
    WORD_KEY@19..20
      WORD@19..20 "b"
    SPACE@20..21 " "
    QUOTED_STRING@21..31
      SINGLE_QUOTE@21..22 "'"
      STRING@22..30 "trailing"
      SINGLE_QUOTE@30..31 "'"
    SPACE@31..32 " "
    ERROR@32..37
      WORD@32..37 "extra"
  NEWLINE@37..38 "\n"
```

## Syntax Error

```
[
    SyntaxError {
        message: "unexpected token after value",
        range: 13..13,
    },
    SyntaxError {
        message: "unexpected token after value",
        range: 32..32,
    },
]
```

## AST

```
SourceFile {
    shebang: none,
    items: [
        Entry {
            key: WordKey {
                word: WORD@0..1 "a",
            },
            value: QuotedString {
                open_quote: DOUBLE_QUOTE@2..3 "\"",
                string: STRING@3..11 "trailing",
                close_quote: DOUBLE_QUOTE@2..3 "\"",
            },
        },
        Entry {
            key: WordKey {
                word: WORD@19..20 "b",
            },
            value: QuotedString {
                open_quote: SINGLE_QUOTE@21..22 "'",
                string: STRING@22..30 "trailing",
                close_quote: SINGLE_QUOTE@21..22 "'",
            },
        },
    ],
}
```

vim:ft=markdown
