---
source: crates/parser/tests/snapshots_key_value.rs
---
# key_value/sign_integer_at_eof

## Input

```
c +5
```

## CST

```
SOURCE_FILE@0..4
  ENTRY@0..4
    WORD_KEY@0..1
      WORD@0..1 "c"
    SPACE@1..2 " "
    INTEGER@2..4
      PLUS@2..3 "+"
      NUMERAL@3..4 "5"
```

## AST

```
SourceFile {
    shebang: none,
    items: [
        Entry {
            key: WordKey {
                word: WORD@0..1 "c",
            },
            value: Integer {
                sign: PLUS@2..3 "+",
                numeral: NUMERAL@3..4 "5",
            },
        },
    ],
}
```

vim:ft=markdown
