---
source: crates/parser/tests/snapshots_key_value.rs
---
# key_value/word_key

## Input

```
hello world
42  value
-57 value
+13 value
true  value
false value

```

## CST

```
SOURCE_FILE@0..66
  ENTRY@0..11
    WORD_KEY@0..5
      WORD@0..5 "hello"
    SPACE@5..6 " "
    LINE_STRING@6..11
      STRING@6..11 "world"
  NEWLINE@11..12 "\n"
  ENTRY@12..21
    WORD_KEY@12..14
      WORD@12..14 "42"
    SPACE@14..16 "  "
    LINE_STRING@16..21
      STRING@16..21 "value"
  NEWLINE@21..22 "\n"
  ENTRY@22..31
    WORD_KEY@22..25
      WORD@22..25 "-57"
    SPACE@25..26 " "
    LINE_STRING@26..31
      STRING@26..31 "value"
  NEWLINE@31..32 "\n"
  ENTRY@32..41
    WORD_KEY@32..35
      WORD@32..35 "+13"
    SPACE@35..36 " "
    LINE_STRING@36..41
      STRING@36..41 "value"
  NEWLINE@41..42 "\n"
  ENTRY@42..53
    WORD_KEY@42..46
      WORD@42..46 "true"
    SPACE@46..48 "  "
    LINE_STRING@48..53
      STRING@48..53 "value"
  NEWLINE@53..54 "\n"
  ENTRY@54..65
    WORD_KEY@54..59
      WORD@54..59 "false"
    SPACE@59..60 " "
    LINE_STRING@60..65
      STRING@60..65 "value"
  NEWLINE@65..66 "\n"
```

## AST

```
SourceFile {
    shebang: none,
    items: [
        Entry {
            key: WordKey {
                word: WORD@0..5 "hello",
            },
            value: LineString {
                string: STRING@6..11 "world",
            },
        },
        Entry {
            key: WordKey {
                word: WORD@12..14 "42",
            },
            value: LineString {
                string: STRING@16..21 "value",
            },
        },
        Entry {
            key: WordKey {
                word: WORD@22..25 "-57",
            },
            value: LineString {
                string: STRING@26..31 "value",
            },
        },
        Entry {
            key: WordKey {
                word: WORD@32..35 "+13",
            },
            value: LineString {
                string: STRING@36..41 "value",
            },
        },
        Entry {
            key: WordKey {
                word: WORD@42..46 "true",
            },
            value: LineString {
                string: STRING@48..53 "value",
            },
        },
        Entry {
            key: WordKey {
                word: WORD@54..59 "false",
            },
            value: LineString {
                string: STRING@60..65 "value",
            },
        },
    ],
}
```

vim:ft=markdown
