---
source: crates/config/tests/snapshots.rs
---
# brace-after-key

## Input

```mical
foo{
}
"key"{
}

```

## Parser Error

```
4..4: missing value for the key

6..6: missing value for the key

12..12: unexpected token after quoted key

13..13: missing value for the key

15..15: missing value for the key

```

## JSON

```json
{}
```

vim:ft=markdown
