---
source: crates/config/tests/snapshots.rs
---
# prefix-block-values

## Input

```mical
block {
  str hello world
  num 42
  flag true
  neg -1
  quoted "value"
}
empty {
}
http_ {
  port 80
}

```

## JSON

```json
{
  "blockflag": true,
  "blockneg": -1,
  "blocknum": 42,
  "blockquoted": "value",
  "blockstr": "hello world",
  "http_port": 80
}
```

vim:ft=markdown
