---
source: crates/parser/tests/snapshots.rs
---
# block-string-1-literal-clip-wsln-wsln-dedent

## Input

```
key |
 
  hello
 
other val

```

## CST

```
SOURCE_FILE@0..28
  ENTRY@0..18
    WORD_KEY@0..3
      WORD@0..3 "key"
    SPACE@3..4 " "
    BLOCK_STRING@4..17
      BLOCK_STRING_HEADER@4..6
        PIPE@4..5 "|"
        NEWLINE@5..6 "\n"
      SPACE@6..7 " "
      LINE_STRING@7..7
      NEWLINE@7..8 "\n"
      SPACE@8..10 "  "
      LINE_STRING@10..15
        STRING@10..15 "hello"
      NEWLINE@15..16 "\n"
      SPACE@16..17 " "
      LINE_STRING@17..17
    NEWLINE@17..18 "\n"
  ENTRY@18..28
    WORD_KEY@18..23
      WORD@18..23 "other"
    SPACE@23..24 " "
    LINE_STRING@24..27
      STRING@24..27 "val"
    NEWLINE@27..28 "\n"
```

## AST

```
SourceFile {
    shebang: none,
    items: [
        Entry {
            key: WordKey {
                word: WORD@0..3 "key",
            },
            value: BlockString {
                header: BlockStringHeader {
                    style: PIPE@4..5 "|",
                    chomp: none,
                },
                lines: [
                    LineString {
                        string: none,
                    },
                    LineString {
                        string: STRING@10..15 "hello",
                    },
                    LineString {
                        string: none,
                    },
                ],
            },
        },
        Entry {
            key: WordKey {
                word: WORD@18..23 "other",
            },
            value: LineString {
                string: STRING@24..27 "val",
            },
        },
    ],
}
```

vim:ft=markdown
