---
source: crates/parser/tests/snapshots.rs
---
# block-string-1-literal-strip-none-emptyln-eof

## Input

```
key |-
  hello


```

## CST

```
SOURCE_FILE@0..16
  ENTRY@0..15
    WORD_KEY@0..3
      WORD@0..3 "key"
    SPACE@3..4 " "
    BLOCK_STRING@4..15
      BLOCK_STRING_HEADER@4..7
        PIPE@4..5 "|"
        MINUS@5..6 "-"
        NEWLINE@6..7 "\n"
      SPACE@7..9 "  "
      LINE_STRING@9..14
        STRING@9..14 "hello"
      NEWLINE@14..15 "\n"
      LINE_STRING@15..15
  NEWLINE@15..16 "\n"
```

## AST

```
SourceFile {
    shebang: none,
    items: [
        Entry {
            key: WordKey {
                word: WORD@0..3 "key",
            },
            value: BlockString {
                header: BlockStringHeader {
                    style: PIPE@4..5 "|",
                    chomp: MINUS@5..6 "-",
                },
                lines: [
                    LineString {
                        string: STRING@9..14 "hello",
                    },
                    LineString {
                        string: none,
                    },
                ],
            },
        },
    ],
}
```

vim:ft=markdown
